[    5277ms] [ERROR] Failed to load resource: the server responded with a status of 500 (Internal Server Error) @ http://localhost:3000/fr:0
[    5354ms] [INFO] %cDownload the React DevTools for a better development experience: https://react.dev/link/react-devtools font-weight:bold @ http://localhost:3000/_next/static/chunks/node_modules_react-dom_0bruynb._.js:15305
[    5412ms] Error: ./src/proxy.ts:7:1
Module not found: Can't resolve '@formatjs/intl-localematcher'
   5 | import { verifyAdminSession, SESSION_COOKIE } from "@/lib/session";
   6 |
>  7 | import { match as matchLocale } from "@formatjs/intl-localematcher";
     | ^^^^^^^^^^^^^^^^^^^^^^^^^^^^^^^^^^^^^^^^^^^^^^^^^^^^^^^^^^^^^^^^^^^^
   8 | import Negotiator from "negotiator";
   9 |
  10 | function getLocale(request: NextRequest): string | undefined {



https://nextjs.org/docs/messages/module-not-found


    at <unknown> (Error: ./src/proxy.ts:7:1)
    at <unknown> (https://nextjs.org/docs/messages/module-not-found)
    at Object.getCompilationErrors (file://C:\Users\MAWT\Documents\mawtwebsite\node_modules\next\dist\server\dev\hot-reloader-turbopack.js:1189:59)
    at DevBundlerService.getCompilationError (file://C:\Users\MAWT\Documents\mawtwebsite\node_modules\next\dist\server\lib\dev-bundler-service.js:44:55)
    at DevServer.getCompilationError (file://C:\Users\MAWT\Documents\mawtwebsite\node_modules\next\dist\server\dev\next-dev-server.js:719:42)
    at DevServer.findPageComponents (file://C:\Users\MAWT\Documents\mawtwebsite\node_modules\next\dist\server\dev\next-dev-server.js:689:43)
    at async DevServer.renderErrorToResponseImpl (file://C:\Users\MAWT\Documents\mawtwebsite\node_modules\next\dist\server\base-server.js:1745:26)
[    5413ms] [LOG] [HMR] connected @ http://localhost:3000/_next/static/chunks/node_modules_next_dist_0u_w_5s._.js:1226
[    5664ms] [ERROR] ./src/proxy.ts:7:1
Module not found: Can't resolve '@formatjs/intl-localematcher'
   5 | import { verifyAdminSession, SESSION_COOKIE } from "@/lib/session";
   6 |
>  7 | import { match as matchLocale } from "@formatjs/intl-localematcher";
     | ^^^^^^^^^^^^^^^^^^^^^^^^^^^^^^^^^^^^^^^^^^^^^^^^^^^^^^^^^^^^^^^^^^^^
   8 | import Negotiator from "negotiator";
   9 |
  10 | function getLocale(request: NextRequest): string | undefined {

https://nextjs.org/docs/messages/module-not-found @ http://localhost:3000/_next/static/chunks/node_modules_next_dist_0u_w_5s._.js:1945
[    5664ms] [ERROR] ./src/lib/session.ts:9:1
Module not found: Can't resolve 'jose'
   7 |  * BUG-002 fix: cookie value is a signed JWT, NOT the raw ADMIN_SECRET.
   8 |  */
>  9 | import { SignJWT, jwtVerify } from "jose";
     | ^^^^^^^^^^^^^^^^^^^^^^^^^^^^^^^^^^^^^^^^^^
  10 |
  11 | const SESSION_COOKIE = "admin-session";
  12 | const SESSION_DURATION_SECONDS = 60 * 60 * 24 * 7; // 7 days

Import trace:
  Middleware:
    ./src/lib/session.ts
    ./src/proxy.ts

https://nextjs.org/docs/messages/module-not-found @ http://localhost:3000/_next/static/chunks/node_modules_next_dist_0u_w_5s._.js:1945
[    5664ms] [ERROR] ./src/proxy.ts:8:1
Module not found: Can't resolve 'negotiator'
   6 |
   7 | import { match as matchLocale } from "@formatjs/intl-localematcher";
>  8 | import Negotiator from "negotiator";
     | ^^^^^^^^^^^^^^^^^^^^^^^^^^^^^^^^^^^^
   9 |
  10 | function getLocale(request: NextRequest): string | undefined {
  11 |   // Negotiator expects plain object so we need to transform headers

https://nextjs.org/docs/messages/module-not-found @ http://localhost:3000/_next/static/chunks/node_modules_next_dist_0u_w_5s._.js:1945
[    5964ms] [ERROR] ./src/proxy.ts:7:1
Module not found: Can't resolve '@formatjs/intl-localematcher'
   5 | import { verifyAdminSession, SESSION_COOKIE } from "@/lib/session";
   6 |
>  7 | import { match as matchLocale } from "@formatjs/intl-localematcher";
     | ^^^^^^^^^^^^^^^^^^^^^^^^^^^^^^^^^^^^^^^^^^^^^^^^^^^^^^^^^^^^^^^^^^^^
   8 | import Negotiator from "negotiator";
   9 |
  10 | function getLocale(request: NextRequest): string | undefined {

https://nextjs.org/docs/messages/module-not-found @ http://localhost:3000/_next/static/chunks/node_modules_next_dist_0u_w_5s._.js:1945
[    5964ms] [ERROR] ./src/lib/session.ts:9:1
Module not found: Can't resolve 'jose'
   7 |  * BUG-002 fix: cookie value is a signed JWT, NOT the raw ADMIN_SECRET.
   8 |  */
>  9 | import { SignJWT, jwtVerify } from "jose";
     | ^^^^^^^^^^^^^^^^^^^^^^^^^^^^^^^^^^^^^^^^^^
  10 |
  11 | const SESSION_COOKIE = "admin-session";
  12 | const SESSION_DURATION_SECONDS = 60 * 60 * 24 * 7; // 7 days

Import trace:
  Middleware:
    ./src/lib/session.ts
    ./src/proxy.ts

https://nextjs.org/docs/messages/module-not-found @ http://localhost:3000/_next/static/chunks/node_modules_next_dist_0u_w_5s._.js:1945
[    5964ms] [ERROR] ./src/proxy.ts:8:1
Module not found: Can't resolve 'negotiator'
   6 |
   7 | import { match as matchLocale } from "@formatjs/intl-localematcher";
>  8 | import Negotiator from "negotiator";
     | ^^^^^^^^^^^^^^^^^^^^^^^^^^^^^^^^^^^^
   9 |
  10 | function getLocale(request: NextRequest): string | undefined {
  11 |   // Negotiator expects plain object so we need to transform headers

https://nextjs.org/docs/messages/module-not-found @ http://localhost:3000/_next/static/chunks/node_modules_next_dist_0u_w_5s._.js:1945
[    5964ms] [ERROR] ./src/components/providers/lenis-provider.tsx:3:1
Module not found: Can't resolve 'lenis/react'
  1 | "use client";
  2 |
> 3 | import { ReactLenis } from "lenis/react";
    | ^^^^^^^^^^^^^^^^^^^^^^^^^^^^^^^^^^^^^^^^^
  4 | import { usePathname } from "next/navigation";
  5 |
  6 | type LenisProviderProps = {

Import trace:
  Server Component:
    ./src/components/providers/lenis-provider.tsx
    ./src/app/layout.tsx

https://nextjs.org/docs/messages/module-not-found @ http://localhost:3000/_next/static/chunks/node_modules_next_dist_0u_w_5s._.js:1945
[    5964ms] [ERROR] ./src/components/providers/page-transition.tsx:4:1
Module not found: Can't resolve 'motion/react'
  2 |
  3 | import { usePathname } from "next/navigation";
> 4 | import { AnimatePresence, motion, useReducedMotion, type Variants } from "motion/react";
    | ^^^^^^^^^^^^^^^^^^^^^^^^^^^^^^^^^^^^^^^^^^^^^^^^^^^^^^^^^^^^^^^^^^^^^^^^^^^^^^^^^^^^^^^^
  5 | import { ReactNode, useEffect, createContext, useContext } from "react";
  6 |
  7 | /**

Import traces:
  Client Component Browser:
    ./src/components/providers/page-transition.tsx [Client Component Browser]
    ./src/components/ui/animated-title.tsx [Client Component Browser]
    ./src/components/ui/animated-title.tsx [Server Component]
    ./src/app/not-found.tsx [Server Component]

  Client Component SSR:
    ./src/components/providers/page-transition.tsx [Client Component SSR]
    ./src/components/ui/animated-title.tsx [Client Component SSR]
    ./src/components/ui/animated-title.tsx [Server Component]
    ./src/app/not-found.tsx [Server Component]

https://nextjs.org/docs/messages/module-not-found @ http://localhost:3000/_next/static/chunks/node_modules_next_dist_0u_w_5s._.js:1945
[    5964ms] [ERROR] ./src/components/ui/animated-title.tsx:3:1
Module not found: Can't resolve 'motion/react'
  1 | ...ent";
  2 | ...
> 3 | ... motion, useAnimation, useInView, useReducedMotion, type UseInViewOptions } from "motion...
    |    ^^^^^^^^^^^^^^^^^^^^^^^^^^^^^^^^^^^^^^^^^^^^^^^^^^^^^^^^^^^^^^^^^^^^^^^^^^^^^^^^^^^^^^^^^^^
  4 | ... useEffect, useRef } from "react";
  5 | ... usePageTransition } from "@/components/providers/page-transition";
  6 | ...

Import trace:
  Server Component:
    ./src/components/ui/animated-title.tsx
    ./src/app/not-found.tsx

https://nextjs.org/docs/messages/module-not-found @ http://localhost:3000/_next/static/chunks/node_modules_next_dist_0u_w_5s._.js:1945
[    6063ms] [ERROR] Failed to load resource: the server responded with a status of 500 (Internal Server Error) @ http://localhost:3000/fr:0
[    6086ms] [INFO] %cDownload the React DevTools for a better development experience: https://react.dev/link/react-devtools font-weight:bold @ http://localhost:3000/_next/static/chunks/node_modules_react-dom_0bruynb._.js:15305
[    6095ms] Error: ./src/proxy.ts:7:1
Module not found: Can't resolve '@formatjs/intl-localematcher'
   5 | import { verifyAdminSession, SESSION_COOKIE } from "@/lib/session";
   6 |
>  7 | import { match as matchLocale } from "@formatjs/intl-localematcher";
     | ^^^^^^^^^^^^^^^^^^^^^^^^^^^^^^^^^^^^^^^^^^^^^^^^^^^^^^^^^^^^^^^^^^^^
   8 | import Negotiator from "negotiator";
   9 |
  10 | function getLocale(request: NextRequest): string | undefined {



https://nextjs.org/docs/messages/module-not-found


    at <unknown> (Error: ./src/proxy.ts:7:1)
    at <unknown> (https://nextjs.org/docs/messages/module-not-found)
    at Object.getCompilationErrors (file://C:\Users\MAWT\Documents\mawtwebsite\node_modules\next\dist\server\dev\hot-reloader-turbopack.js:1189:59)
    at DevBundlerService.getCompilationError (file://C:\Users\MAWT\Documents\mawtwebsite\node_modules\next\dist\server\lib\dev-bundler-service.js:44:55)
    at DevServer.getCompilationError (file://C:\Users\MAWT\Documents\mawtwebsite\node_modules\next\dist\server\dev\next-dev-server.js:719:42)
    at DevServer.findPageComponents (file://C:\Users\MAWT\Documents\mawtwebsite\node_modules\next\dist\server\dev\next-dev-server.js:689:43)
    at async DevServer.renderErrorToResponseImpl (file://C:\Users\MAWT\Documents\mawtwebsite\node_modules\next\dist\server\base-server.js:1745:26)
[    6095ms] [LOG] [HMR] connected @ http://localhost:3000/_next/static/chunks/node_modules_next_dist_0u_w_5s._.js:1226
[    6096ms] [ERROR] ./src/proxy.ts:7:1
Module not found: Can't resolve '@formatjs/intl-localematcher'
   5 | import { verifyAdminSession, SESSION_COOKIE } from "@/lib/session";
   6 |
>  7 | import { match as matchLocale } from "@formatjs/intl-localematcher";
     | ^^^^^^^^^^^^^^^^^^^^^^^^^^^^^^^^^^^^^^^^^^^^^^^^^^^^^^^^^^^^^^^^^^^^
   8 | import Negotiator from "negotiator";
   9 |
  10 | function getLocale(request: NextRequest): string | undefined {

https://nextjs.org/docs/messages/module-not-found @ http://localhost:3000/_next/static/chunks/node_modules_next_dist_0u_w_5s._.js:1945
[    6096ms] [ERROR] ./src/lib/session.ts:9:1
Module not found: Can't resolve 'jose'
   7 |  * BUG-002 fix: cookie value is a signed JWT, NOT the raw ADMIN_SECRET.
   8 |  */
>  9 | import { SignJWT, jwtVerify } from "jose";
     | ^^^^^^^^^^^^^^^^^^^^^^^^^^^^^^^^^^^^^^^^^^
  10 |
  11 | const SESSION_COOKIE = "admin-session";
  12 | const SESSION_DURATION_SECONDS = 60 * 60 * 24 * 7; // 7 days

Import trace:
  Middleware:
    ./src/lib/session.ts
    ./src/proxy.ts

https://nextjs.org/docs/messages/module-not-found @ http://localhost:3000/_next/static/chunks/node_modules_next_dist_0u_w_5s._.js:1945
[    6096ms] [ERROR] ./src/proxy.ts:8:1
Module not found: Can't resolve 'negotiator'
   6 |
   7 | import { match as matchLocale } from "@formatjs/intl-localematcher";
>  8 | import Negotiator from "negotiator";
     | ^^^^^^^^^^^^^^^^^^^^^^^^^^^^^^^^^^^^
   9 |
  10 | function getLocale(request: NextRequest): string | undefined {
  11 |   // Negotiator expects plain object so we need to transform headers

https://nextjs.org/docs/messages/module-not-found @ http://localhost:3000/_next/static/chunks/node_modules_next_dist_0u_w_5s._.js:1945
[    6096ms] [ERROR] ./src/components/providers/lenis-provider.tsx:3:1
Module not found: Can't resolve 'lenis/react'
  1 | "use client";
  2 |
> 3 | import { ReactLenis } from "lenis/react";
    | ^^^^^^^^^^^^^^^^^^^^^^^^^^^^^^^^^^^^^^^^^
  4 | import { usePathname } from "next/navigation";
  5 |
  6 | type LenisProviderProps = {

Import trace:
  Server Component:
    ./src/components/providers/lenis-provider.tsx
    ./src/app/layout.tsx

https://nextjs.org/docs/messages/module-not-found @ http://localhost:3000/_next/static/chunks/node_modules_next_dist_0u_w_5s._.js:1945
[    6096ms] [ERROR] ./src/components/providers/page-transition.tsx:4:1
Module not found: Can't resolve 'motion/react'
  2 |
  3 | import { usePathname } from "next/navigation";
> 4 | import { AnimatePresence, motion, useReducedMotion, type Variants } from "motion/react";
    | ^^^^^^^^^^^^^^^^^^^^^^^^^^^^^^^^^^^^^^^^^^^^^^^^^^^^^^^^^^^^^^^^^^^^^^^^^^^^^^^^^^^^^^^^
  5 | import { ReactNode, useEffect, createContext, useContext } from "react";
  6 |
  7 | /**

Import traces:
  Client Component Browser:
    ./src/components/providers/page-transition.tsx [Client Component Browser]
    ./src/components/ui/animated-title.tsx [Client Component Browser]
    ./src/components/ui/animated-title.tsx [Server Component]
    ./src/app/not-found.tsx [Server Component]

  Client Component SSR:
    ./src/components/providers/page-transition.tsx [Client Component SSR]
    ./src/components/ui/animated-title.tsx [Client Component SSR]
    ./src/components/ui/animated-title.tsx [Server Component]
    ./src/app/not-found.tsx [Server Component]

https://nextjs.org/docs/messages/module-not-found @ http://localhost:3000/_next/static/chunks/node_modules_next_dist_0u_w_5s._.js:1945
[    6096ms] [ERROR] ./src/components/ui/animated-title.tsx:3:1
Module not found: Can't resolve 'motion/react'
  1 | ...ent";
  2 | ...
> 3 | ... motion, useAnimation, useInView, useReducedMotion, type UseInViewOptions } from "motion...
    |    ^^^^^^^^^^^^^^^^^^^^^^^^^^^^^^^^^^^^^^^^^^^^^^^^^^^^^^^^^^^^^^^^^^^^^^^^^^^^^^^^^^^^^^^^^^^
  4 | ... useEffect, useRef } from "react";
  5 | ... usePageTransition } from "@/components/providers/page-transition";
  6 | ...

Import trace:
  Server Component:
    ./src/components/ui/animated-title.tsx
    ./src/app/not-found.tsx

https://nextjs.org/docs/messages/module-not-found @ http://localhost:3000/_next/static/chunks/node_modules_next_dist_0u_w_5s._.js:1945
[    6097ms] [ERROR] ./src/proxy.ts:7:1
Module not found: Can't resolve '@formatjs/intl-localematcher'
   5 | import { verifyAdminSession, SESSION_COOKIE } from "@/lib/session";
   6 |
>  7 | import { match as matchLocale } from "@formatjs/intl-localematcher";
     | ^^^^^^^^^^^^^^^^^^^^^^^^^^^^^^^^^^^^^^^^^^^^^^^^^^^^^^^^^^^^^^^^^^^^
   8 | import Negotiator from "negotiator";
   9 |
  10 | function getLocale(request: NextRequest): string | undefined {

https://nextjs.org/docs/messages/module-not-found @ http://localhost:3000/_next/static/chunks/node_modules_next_dist_0u_w_5s._.js:1945
[    6097ms] [ERROR] ./src/lib/session.ts:9:1
Module not found: Can't resolve 'jose'
   7 |  * BUG-002 fix: cookie value is a signed JWT, NOT the raw ADMIN_SECRET.
   8 |  */
>  9 | import { SignJWT, jwtVerify } from "jose";
     | ^^^^^^^^^^^^^^^^^^^^^^^^^^^^^^^^^^^^^^^^^^
  10 |
  11 | const SESSION_COOKIE = "admin-session";
  12 | const SESSION_DURATION_SECONDS = 60 * 60 * 24 * 7; // 7 days

Import trace:
  Middleware:
    ./src/lib/session.ts
    ./src/proxy.ts

https://nextjs.org/docs/messages/module-not-found @ http://localhost:3000/_next/static/chunks/node_modules_next_dist_0u_w_5s._.js:1945
[    6097ms] [ERROR] ./src/proxy.ts:8:1
Module not found: Can't resolve 'negotiator'
   6 |
   7 | import { match as matchLocale } from "@formatjs/intl-localematcher";
>  8 | import Negotiator from "negotiator";
     | ^^^^^^^^^^^^^^^^^^^^^^^^^^^^^^^^^^^^
   9 |
  10 | function getLocale(request: NextRequest): string | undefined {
  11 |   // Negotiator expects plain object so we need to transform headers

https://nextjs.org/docs/messages/module-not-found @ http://localhost:3000/_next/static/chunks/node_modules_next_dist_0u_w_5s._.js:1945
[    6097ms] [ERROR] ./src/components/providers/lenis-provider.tsx:3:1
Module not found: Can't resolve 'lenis/react'
  1 | "use client";
  2 |
> 3 | import { ReactLenis } from "lenis/react";
    | ^^^^^^^^^^^^^^^^^^^^^^^^^^^^^^^^^^^^^^^^^
  4 | import { usePathname } from "next/navigation";
  5 |
  6 | type LenisProviderProps = {

Import trace:
  Server Component:
    ./src/components/providers/lenis-provider.tsx
    ./src/app/layout.tsx

https://nextjs.org/docs/messages/module-not-found @ http://localhost:3000/_next/static/chunks/node_modules_next_dist_0u_w_5s._.js:1945
[    6097ms] [ERROR] ./src/components/providers/page-transition.tsx:4:1
Module not found: Can't resolve 'motion/react'
  2 |
  3 | import { usePathname } from "next/navigation";
> 4 | import { AnimatePresence, motion, useReducedMotion, type Variants } from "motion/react";
    | ^^^^^^^^^^^^^^^^^^^^^^^^^^^^^^^^^^^^^^^^^^^^^^^^^^^^^^^^^^^^^^^^^^^^^^^^^^^^^^^^^^^^^^^^
  5 | import { ReactNode, useEffect, createContext, useContext } from "react";
  6 |
  7 | /**

Import traces:
  Client Component Browser:
    ./src/components/providers/page-transition.tsx [Client Component Browser]
    ./src/components/ui/animated-title.tsx [Client Component Browser]
    ./src/components/ui/animated-title.tsx [Server Component]
    ./src/app/not-found.tsx [Server Component]

  Client Component SSR:
    ./src/components/providers/page-transition.tsx [Client Component SSR]
    ./src/components/ui/animated-title.tsx [Client Component SSR]
    ./src/components/ui/animated-title.tsx [Server Component]
    ./src/app/not-found.tsx [Server Component]

https://nextjs.org/docs/messages/module-not-found @ http://localhost:3000/_next/static/chunks/node_modules_next_dist_0u_w_5s._.js:1945
[    6097ms] [ERROR] ./src/components/ui/animated-title.tsx:3:1
Module not found: Can't resolve 'motion/react'
  1 | ...ent";
  2 | ...
> 3 | ... motion, useAnimation, useInView, useReducedMotion, type UseInViewOptions } from "motion...
    |    ^^^^^^^^^^^^^^^^^^^^^^^^^^^^^^^^^^^^^^^^^^^^^^^^^^^^^^^^^^^^^^^^^^^^^^^^^^^^^^^^^^^^^^^^^^^
  4 | ... useEffect, useRef } from "react";
  5 | ... usePageTransition } from "@/components/providers/page-transition";
  6 | ...

Import trace:
  Server Component:
    ./src/components/ui/animated-title.tsx
    ./src/app/not-found.tsx

https://nextjs.org/docs/messages/module-not-found @ http://localhost:3000/_next/static/chunks/node_modules_next_dist_0u_w_5s._.js:1945
[    6143ms] [ERROR] ./src/proxy.ts:7:1
Module not found: Can't resolve '@formatjs/intl-localematcher'
   5 | import { verifyAdminSession, SESSION_COOKIE } from "@/lib/session";
   6 |
>  7 | import { match as matchLocale } from "@formatjs/intl-localematcher";
     | ^^^^^^^^^^^^^^^^^^^^^^^^^^^^^^^^^^^^^^^^^^^^^^^^^^^^^^^^^^^^^^^^^^^^
   8 | import Negotiator from "negotiator";
   9 |
  10 | function getLocale(request: NextRequest): string | undefined {

https://nextjs.org/docs/messages/module-not-found @ http://localhost:3000/_next/static/chunks/node_modules_next_dist_0u_w_5s._.js:1945
[    6143ms] [ERROR] ./src/lib/session.ts:9:1
Module not found: Can't resolve 'jose'
   7 |  * BUG-002 fix: cookie value is a signed JWT, NOT the raw ADMIN_SECRET.
   8 |  */
>  9 | import { SignJWT, jwtVerify } from "jose";
     | ^^^^^^^^^^^^^^^^^^^^^^^^^^^^^^^^^^^^^^^^^^
  10 |
  11 | const SESSION_COOKIE = "admin-session";
  12 | const SESSION_DURATION_SECONDS = 60 * 60 * 24 * 7; // 7 days

Import trace:
  Middleware:
    ./src/lib/session.ts
    ./src/proxy.ts

https://nextjs.org/docs/messages/module-not-found @ http://localhost:3000/_next/static/chunks/node_modules_next_dist_0u_w_5s._.js:1945
[    6143ms] [ERROR] ./src/proxy.ts:8:1
Module not found: Can't resolve 'negotiator'
   6 |
   7 | import { match as matchLocale } from "@formatjs/intl-localematcher";
>  8 | import Negotiator from "negotiator";
     | ^^^^^^^^^^^^^^^^^^^^^^^^^^^^^^^^^^^^
   9 |
  10 | function getLocale(request: NextRequest): string | undefined {
  11 |   // Negotiator expects plain object so we need to transform headers

https://nextjs.org/docs/messages/module-not-found @ http://localhost:3000/_next/static/chunks/node_modules_next_dist_0u_w_5s._.js:1945
[    6143ms] [ERROR] ./src/components/providers/lenis-provider.tsx:3:1
Module not found: Can't resolve 'lenis/react'
  1 | "use client";
  2 |
> 3 | import { ReactLenis } from "lenis/react";
    | ^^^^^^^^^^^^^^^^^^^^^^^^^^^^^^^^^^^^^^^^^
  4 | import { usePathname } from "next/navigation";
  5 |
  6 | type LenisProviderProps = {

Import trace:
  Server Component:
    ./src/components/providers/lenis-provider.tsx
    ./src/app/layout.tsx

https://nextjs.org/docs/messages/module-not-found @ http://localhost:3000/_next/static/chunks/node_modules_next_dist_0u_w_5s._.js:1945
[    6143ms] [ERROR] ./src/components/providers/page-transition.tsx:4:1
Module not found: Can't resolve 'motion/react'
  2 |
  3 | import { usePathname } from "next/navigation";
> 4 | import { AnimatePresence, motion, useReducedMotion, type Variants } from "motion/react";
    | ^^^^^^^^^^^^^^^^^^^^^^^^^^^^^^^^^^^^^^^^^^^^^^^^^^^^^^^^^^^^^^^^^^^^^^^^^^^^^^^^^^^^^^^^
  5 | import { ReactNode, useEffect, createContext, useContext } from "react";
  6 |
  7 | /**

Import traces:
  Client Component Browser:
    ./src/components/providers/page-transition.tsx [Client Component Browser]
    ./src/components/ui/animated-title.tsx [Client Component Browser]
    ./src/components/ui/animated-title.tsx [Server Component]
    ./src/app/not-found.tsx [Server Component]

  Client Component SSR:
    ./src/components/providers/page-transition.tsx [Client Component SSR]
    ./src/components/ui/animated-title.tsx [Client Component SSR]
    ./src/components/ui/animated-title.tsx [Server Component]
    ./src/app/not-found.tsx [Server Component]

https://nextjs.org/docs/messages/module-not-found @ http://localhost:3000/_next/static/chunks/node_modules_next_dist_0u_w_5s._.js:1945
[    6143ms] [ERROR] ./src/components/ui/animated-title.tsx:3:1
Module not found: Can't resolve 'motion/react'
  1 | ...ent";
  2 | ...
> 3 | ... motion, useAnimation, useInView, useReducedMotion, type UseInViewOptions } from "motion...
    |    ^^^^^^^^^^^^^^^^^^^^^^^^^^^^^^^^^^^^^^^^^^^^^^^^^^^^^^^^^^^^^^^^^^^^^^^^^^^^^^^^^^^^^^^^^^^
  4 | ... useEffect, useRef } from "react";
  5 | ... usePageTransition } from "@/components/providers/page-transition";
  6 | ...

Import trace:
  Server Component:
    ./src/components/ui/animated-title.tsx
    ./src/app/not-found.tsx

https://nextjs.org/docs/messages/module-not-found @ http://localhost:3000/_next/static/chunks/node_modules_next_dist_0u_w_5s._.js:1945
[    6205ms] [LOG] [Fast Refresh] rebuilding @ http://localhost:3000/_next/static/chunks/node_modules_next_dist_0u_w_5s._.js:1226
[   14338ms] [LOG] [Fast Refresh] rebuilding @ http://localhost:3000/_next/static/chunks/node_modules_next_dist_0u_w_5s._.js:1226
[   15994ms] [LOG] [HMR] connected @ http://localhost:3000/_next/static/chunks/node_modules_next_dist_0u_w_5s._.js:1226
[  152900ms] [INFO] %cDownload the React DevTools for a better development experience: https://react.dev/link/react-devtools font-weight:bold @ http://localhost:3000/_next/static/chunks/node_modules_next_dist_115brz8._.js:2477
[  152987ms] [LOG] [HMR] connected @ http://localhost:3000/_next/static/chunks/node_modules_next_dist_115brz8._.js:2477
[  153142ms] [LOG] [Fast Refresh] rebuilding @ http://localhost:3000/_next/static/chunks/node_modules_next_dist_115brz8._.js:2477
[  153414ms] [WARNING] Please ensure that the container has a non-static position, like 'relative', 'fixed', or 'absolute' to ensure scroll offset is calculated correctly. @ http://localhost:3000/_next/static/chunks/node_modules_next_dist_115brz8._.js:2477
[  153628ms] [LOG] [Fast Refresh] done in 587ms @ http://localhost:3000/_next/static/chunks/node_modules_next_dist_115brz8._.js:2477
[  153640ms] [ERROR] Failed to load resource: the server responded with a status of 404 (Not Found) @ http://localhost:3000/fr/client-logos.png:0
[  153730ms] [LOG] [Fast Refresh] rebuilding @ http://localhost:3000/_next/static/chunks/node_modules_next_dist_115brz8._.js:2477
[  153735ms] [LOG] [Fast Refresh] done in 105ms @ http://localhost:3000/_next/static/chunks/node_modules_next_dist_115brz8._.js:2477
[  153835ms] [LOG] [Fast Refresh] rebuilding @ http://localhost:3000/_next/static/chunks/node_modules_next_dist_115brz8._.js:2477
[  153837ms] [LOG] [Fast Refresh] done in 102ms @ http://localhost:3000/_next/static/chunks/node_modules_next_dist_115brz8._.js:2477
[  156750ms] [WARNING] The resource http://localhost:3000/HeroImages/ezgif-frame-001.jpg was preloaded using link preload but not used within a few seconds from the window's load event. Please make sure it has an appropriate `as` value and it is preloaded intentionally. @ http://localhost:3000/fr:0
[  169956ms] [WARNING] The resource http://localhost:3000/HeroImages/ezgif-frame-001.jpg was preloaded using link preload but not used within a few seconds from the window's load event. Please make sure it has an appropriate `as` value and it is preloaded intentionally. @ http://localhost:3000/fr:0
[  186097ms] [WARNING] The resource http://localhost:3000/HeroImages/ezgif-frame-001.jpg was preloaded using link preload but not used within a few seconds from the window's load event. Please make sure it has an appropriate `as` value and it is preloaded intentionally. @ http://localhost:3000/fr:0
[  197504ms] [WARNING] The resource http://localhost:3000/HeroImages/ezgif-frame-001.jpg was preloaded using link preload but not used within a few seconds from the window's load event. Please make sure it has an appropriate `as` value and it is preloaded intentionally. @ http://localhost:3000/fr:0
[  215953ms] [WARNING] The resource http://localhost:3000/HeroImages/ezgif-frame-001.jpg was preloaded using link preload but not used within a few seconds from the window's load event. Please make sure it has an appropriate `as` value and it is preloaded intentionally. @ http://localhost:3000/fr:0
[  225052ms] [WARNING] The resource http://localhost:3000/HeroImages/ezgif-frame-001.jpg was preloaded using link preload but not used within a few seconds from the window's load event. Please make sure it has an appropriate `as` value and it is preloaded intentionally. @ http://localhost:3000/fr:0
[  245812ms] [WARNING] The resource http://localhost:3000/HeroImages/ezgif-frame-001.jpg was preloaded using link preload but not used within a few seconds from the window's load event. Please make sure it has an appropriate `as` value and it is preloaded intentionally. @ http://localhost:3000/fr:0
[  373404ms] [LOG] [Fast Refresh] rebuilding @ http://localhost:3000/_next/static/chunks/node_modules_next_dist_115brz8._.js:2477
[  373506ms] [LOG] [Fast Refresh] done in 130ms @ http://localhost:3000/_next/static/chunks/node_modules_next_dist_115brz8._.js:2477
[  373612ms] [LOG] [Fast Refresh] rebuilding @ http://localhost:3000/_next/static/chunks/node_modules_next_dist_115brz8._.js:2477
[  373768ms] [LOG] [Fast Refresh] done in 257ms @ http://localhost:3000/_next/static/chunks/node_modules_next_dist_115brz8._.js:2477
[  374057ms] [LOG] [Fast Refresh] rebuilding @ http://localhost:3000/_next/static/chunks/node_modules_next_dist_115brz8._.js:2477
[  374145ms] [LOG] [Fast Refresh] done in 189ms @ http://localhost:3000/_next/static/chunks/node_modules_next_dist_115brz8._.js:2477
[  374150ms] [ERROR] Failed to load resource: the server responded with a status of 404 (Not Found) @ http://localhost:3000/fr/client-logos.png:0
[  377246ms] [WARNING] The resource http://localhost:3000/HeroImages/ezgif-frame-001.jpg was preloaded using link preload but not used within a few seconds from the window's load event. Please make sure it has an appropriate `as` value and it is preloaded intentionally. @ http://localhost:3000/fr:0
[  383958ms] [LOG] [Fast Refresh] rebuilding @ http://localhost:3000/_next/static/chunks/node_modules_next_dist_115brz8._.js:2477
[  384072ms] [LOG] [Fast Refresh] done in 199ms @ http://localhost:3000/_next/static/chunks/node_modules_next_dist_115brz8._.js:2477
[  384227ms] [LOG] [Fast Refresh] rebuilding @ http://localhost:3000/_next/static/chunks/node_modules_next_dist_115brz8._.js:2477
[  384563ms] [WARNING] [Fast Refresh] performing full reload because your application had an unrecoverable error @ http://localhost:3000/_next/static/chunks/node_modules_next_dist_115brz8._.js:2477
[  384569ms] [LOG] [Fast Refresh] done in 435ms @ http://localhost:3000/_next/static/chunks/node_modules_next_dist_115brz8._.js:2477
[  384741ms] [LOG] [Fast Refresh] rebuilding @ http://localhost:3000/_next/static/chunks/node_modules_next_dist_115brz8._.js:2477
[  385024ms] [LOG] [Fast Refresh] done in 383ms @ http://localhost:3000/_next/static/chunks/node_modules_next_dist_115brz8._.js:2477
[  385120ms] [ERROR] Failed to load resource: the server responded with a status of 500 (Internal Server Error) @ http://localhost:3000/fr:0
[  385293ms] [INFO] %cDownload the React DevTools for a better development experience: https://react.dev/link/react-devtools font-weight:bold @ http://localhost:3000/_next/static/chunks/node_modules_next_dist_115brz8._.js:2477
[  385309ms] [LOG] [HMR] connected @ http://localhost:3000/_next/static/chunks/node_modules_next_dist_115brz8._.js:2477
[  385486ms] ReferenceError: smoothProgress is not defined
    at HomepageHeroSection (http://localhost:3000/_next/static/chunks/src_06-vrax._.js:1030:226)
    at Object.react_stack_bottom_frame (http://localhost:3000/_next/static/chunks/node_modules_next_dist_compiled_react-dom_058-ah~._.js:15037:24)
    at renderWithHooks (http://localhost:3000/_next/static/chunks/node_modules_next_dist_compiled_react-dom_058-ah~._.js:4620:24)
    at updateFunctionComponent (http://localhost:3000/_next/static/chunks/node_modules_next_dist_compiled_react-dom_058-ah~._.js:6081:21)
    at beginWork (http://localhost:3000/_next/static/chunks/node_modules_next_dist_compiled_react-dom_058-ah~._.js:6665:639)
    at runWithFiberInDEV (http://localhost:3000/_next/static/chunks/node_modules_next_dist_compiled_react-dom_058-ah~._.js:965:74)
    at performUnitOfWork (http://localhost:3000/_next/static/chunks/node_modules_next_dist_compiled_react-dom_058-ah~._.js:9555:97)
    at workLoopSync (http://localhost:3000/_next/static/chunks/node_modules_next_dist_compiled_react-dom_058-ah~._.js:9449:40)
    at renderRootSync (http://localhost:3000/_next/static/chunks/node_modules_next_dist_compiled_react-dom_058-ah~._.js:9433:13)
    at performWorkOnRoot (http://localhost:3000/_next/static/chunks/node_modules_next_dist_compiled_react-dom_058-ah~._.js:9098:47)
    at performWorkOnRootViaSchedulerTask (http://localhost:3000/_next/static/chunks/node_modules_next_dist_compiled_react-dom_058-ah~._.js:10255:9)
    at MessagePort.performWorkUntilDeadline (http://localhost:3000/_next/static/chunks/node_modules_next_dist_compiled_0rpq4pf._.js:2647:64)
[  385529ms] [LOG] [Fast Refresh] rebuilding @ http://localhost:3000/_next/static/chunks/node_modules_next_dist_115brz8._.js:2477
[  385640ms] [LOG] [Fast Refresh] done in 210ms @ http://localhost:3000/_next/static/chunks/node_modules_next_dist_115brz8._.js:2477
[  387434ms] [LOG] [Fast Refresh] rebuilding @ http://localhost:3000/_next/static/chunks/node_modules_next_dist_115brz8._.js:2477
[  387452ms] [WARNING] [Fast Refresh] performing full reload because your application had an unrecoverable error @ http://localhost:3000/_next/static/chunks/node_modules_next_dist_115brz8._.js:2477
[  387459ms] [LOG] [Fast Refresh] done in 91ms @ http://localhost:3000/_next/static/chunks/node_modules_next_dist_115brz8._.js:2477
[  387631ms] [LOG] [Fast Refresh] rebuilding @ http://localhost:3000/_next/static/chunks/node_modules_next_dist_115brz8._.js:2477
[  388261ms] [LOG] [Fast Refresh] done in 730ms @ http://localhost:3000/_next/static/chunks/node_modules_next_dist_115brz8._.js:2477
[  388849ms] [INFO] %cDownload the React DevTools for a better development experience: https://react.dev/link/react-devtools font-weight:bold @ http://localhost:3000/_next/static/chunks/node_modules_next_dist_115brz8._.js:2477
[  388862ms] [LOG] [HMR] connected @ http://localhost:3000/_next/static/chunks/node_modules_next_dist_115brz8._.js:2477
[  389023ms] [ERROR] Failed to load resource: the server responded with a status of 404 (Not Found) @ http://localhost:3000/fr/client-logos.png:0
[  389087ms] TypeError: Failed to execute 'animate' on 'Element': Offsets must be monotonically non-decreasing.
    at startWaapiAnimation (http://localhost:3000/_next/static/chunks/node_modules_12nl9s1._.js:2829:31)
    at new NativeAnimation (http://localhost:3000/_next/static/chunks/node_modules_12nl9s1._.js:2915:250)
    at HTMLVisualElement.bindToMotionValue (http://localhost:3000/_next/static/chunks/node_modules_12nl9s1._.js:3981:31)
    at HTMLVisualElement.addValue (http://localhost:3000/_next/static/chunks/node_modules_12nl9s1._.js:4131:18)
    at updateMotionValuesFromProps (http://localhost:3000/_next/static/chunks/node_modules_12nl9s1._.js:3582:25)
    at HTMLVisualElement.update (http://localhost:3000/_next/static/chunks/node_modules_12nl9s1._.js:4091:251)
    at HTMLVisualElement.mount (http://localhost:3000/_next/static/chunks/node_modules_12nl9s1._.js:3943:14)
    at useMotionRef.useCallback (http://localhost:3000/_next/static/chunks/node_modules_12nl9s1._.js:6125:42)
    at commitAttachRef (http://localhost:3000/_next/static/chunks/node_modules_next_dist_compiled_react-dom_058-ah~._.js:7354:63)
    at runWithFiberInDEV (http://localhost:3000/_next/static/chunks/node_modules_next_dist_compiled_react-dom_058-ah~._.js:965:74)
    at safelyAttachRef (http://localhost:3000/_next/static/chunks/node_modules_next_dist_compiled_react-dom_058-ah~._.js:7364:13)
    at commitLayoutEffectOnFiber (http://localhost:3000/_next/static/chunks/node_modules_next_dist_compiled_react-dom_058-ah~._.js:7904:32)
    at recursivelyTraverseLayoutEffects (http://localhost:3000/_next/static/chunks/node_modules_next_dist_compiled_react-dom_058-ah~._.js:8530:105)
    at commitLayoutEffectOnFiber (http://localhost:3000/_next/static/chunks/node_modules_next_dist_compiled_react-dom_058-ah~._.js:7948:17)
    at recursivelyTraverseLayoutEffects (http://localhost:3000/_next/static/chunks/node_modules_next_dist_compiled_react-dom_058-ah~._.js:8530:105)
    at commitLayoutEffectOnFiber (http://localhost:3000/_next/static/chunks/node_modules_next_dist_compiled_react-dom_058-ah~._.js:7850:17)
    at recursivelyTraverseLayoutEffects (http://localhost:3000/_next/static/chunks/node_modules_next_dist_compiled_react-dom_058-ah~._.js:8530:105)
    at commitLayoutEffectOnFiber (http://localhost:3000/_next/static/chunks/node_modules_next_dist_compiled_react-dom_058-ah~._.js:7890:17)
    at recursivelyTraverseLayoutEffects (http://localhost:3000/_next/static/chunks/node_modules_next_dist_compiled_react-dom_058-ah~._.js:8530:105)
    at commitLayoutEffectOnFiber (http://localhost:3000/_next/static/chunks/node_modules_next_dist_compiled_react-dom_058-ah~._.js:7850:17)
    at recursivelyTraverseLayoutEffects (http://localhost:3000/_next/static/chunks/node_modules_next_dist_compiled_react-dom_058-ah~._.js:8530:105)
    at commitLayoutEffectOnFiber (http://localhost:3000/_next/static/chunks/node_modules_next_dist_compiled_react-dom_058-ah~._.js:7890:17)
    at recursivelyTraverseLayoutEffects (http://localhost:3000/_next/static/chunks/node_modules_next_dist_compiled_react-dom_058-ah~._.js:8530:105)
    at commitLayoutEffectOnFiber (http://localhost:3000/_next/static/chunks/node_modules_next_dist_compiled_react-dom_058-ah~._.js:7948:17)
    at recursivelyTraverseLayoutEffects (http://localhost:3000/_next/static/chunks/node_modules_next_dist_compiled_react-dom_058-ah~._.js:8530:105)
    at commitLayoutEffectOnFiber (http://localhost:3000/_next/static/chunks/node_modules_next_dist_compiled_react-dom_058-ah~._.js:7850:17)
    at recursivelyTraverseLayoutEffects (http://localhost:3000/_next/static/chunks/node_modules_next_dist_compiled_react-dom_058-ah~._.js:8530:105)
    at commitLayoutEffectOnFiber (http://localhost:3000/_next/static/chunks/node_modules_next_dist_compiled_react-dom_058-ah~._.js:7850:17)
    at recursivelyTraverseLayoutEffects (http://localhost:3000/_next/static/chunks/node_modules_next_dist_compiled_react-dom_058-ah~._.js:8530:105)
    at commitLayoutEffectOnFiber (http://localhost:3000/_next/static/chunks/node_modules_next_dist_compiled_react-dom_058-ah~._.js:7890:17)
    at recursivelyTraverseLayoutEffects (http://localhost:3000/_next/static/chunks/node_modules_next_dist_compiled_react-dom_058-ah~._.js:8530:105)
    at commitLayoutEffectOnFiber (http://localhost:3000/_next/static/chunks/node_modules_next_dist_compiled_react-dom_058-ah~._.js:7890:17)
    at recursivelyTraverseLayoutEffects (http://localhost:3000/_next/static/chunks/node_modules_next_dist_compiled_react-dom_058-ah~._.js:8530:105)
    at commitLayoutEffectOnFiber (http://localhost:3000/_next/static/chunks/node_modules_next_dist_compiled_react-dom_058-ah~._.js:7948:17)
    at recursivelyTraverseLayoutEffects (http://localhost:3000/_next/static/chunks/node_modules_next_dist_compiled_react-dom_058-ah~._.js:8530:105)
    at commitLayoutEffectOnFiber (http://localhost:3000/_next/static/chunks/node_modules_next_dist_compiled_react-dom_058-ah~._.js:7850:17)
    at recursivelyTraverseLayoutEffects (http://localhost:3000/_next/static/chunks/node_modules_next_dist_compiled_react-dom_058-ah~._.js:8530:105)
    at commitLayoutEffectOnFiber (http://localhost:3000/_next/static/chunks/node_modules_next_dist_compiled_react-dom_058-ah~._.js:7890:17)
    at recursivelyTraverseLayoutEffects (http://localhost:3000/_next/static/chunks/node_modules_next_dist_compiled_react-dom_058-ah~._.js:8530:105)
    at commitLayoutEffectOnFiber (http://localhost:3000/_next/static/chunks/node_modules_next_dist_compiled_react-dom_058-ah~._.js:7890:17)
    at recursivelyTraverseLayoutEffects (http://localhost:3000/_next/static/chunks/node_modules_next_dist_compiled_react-dom_058-ah~._.js:8530:105)
    at commitLayoutEffectOnFiber (http://localhost:3000/_next/static/chunks/node_modules_next_dist_compiled_react-dom_058-ah~._.js:7850:17)
    at recursivelyTraverseLayoutEffects (http://localhost:3000/_next/static/chunks/node_modules_next_dist_compiled_react-dom_058-ah~._.js:8530:105)
    at commitLayoutEffectOnFiber (http://localhost:3000/_next/static/chunks/node_modules_next_dist_compiled_react-dom_058-ah~._.js:7948:17)
    at recursivelyTraverseLayoutEffects (http://localhost:3000/_next/static/chunks/node_modules_next_dist_compiled_react-dom_058-ah~._.js:8530:105)
    at commitLayoutEffectOnFiber (http://localhost:3000/_next/static/chunks/node_modules_next_dist_compiled_react-dom_058-ah~._.js:7850:17)
    at recursivelyTraverseLayoutEffects (http://localhost:3000/_next/static/chunks/node_modules_next_dist_compiled_react-dom_058-ah~._.js:8530:105)
    at commitLayoutEffectOnFiber (http://localhost:3000/_next/static/chunks/node_modules_next_dist_compiled_react-dom_058-ah~._.js:7948:17)
    at recursivelyTraverseLayoutEffects (http://localhost:3000/_next/static/chunks/node_modules_next_dist_compiled_react-dom_058-ah~._.js:8530:105)
    at commitLayoutEffectOnFiber (http://localhost:3000/_next/static/chunks/node_modules_next_dist_compiled_react-dom_058-ah~._.js:7948:17)
[  389142ms] [LOG] [Fast Refresh] rebuilding @ http://localhost:3000/_next/static/chunks/node_modules_next_dist_115brz8._.js:2477
[  389240ms] [LOG] [Fast Refresh] done in 198ms @ http://localhost:3000/_next/static/chunks/node_modules_next_dist_115brz8._.js:2477
